[ identity crisis | critical ] Internal error: with clause failed unexpectedly in rule 'main'
