[ identity crisis | critical ] Internal error: with clause failed unexpectedly in strategy 'main'
           0
