SDef("main",[],

Rec("im",Seq(All(Call(SVar("im"),[])),Rec("red",LChoice(Seq(Test(All(Rec("q_1",Seq(All(Call(SVar("q_1"),[])),Not(Choice(Scope(["j_1"],Seq(Match(Op("Plus",[Op("Zero",[]),Var("j_1")])),Build(Var("j_1")))),Scope(["k_1","l_1"],Seq(Match(Op("Plus",[Op("Succ",[Var("k_1")]),Var("l_1")])),Build(Op("Succ",[Op("Plus",[Var("k_1"),Var("l_1")])])))))))))),Choice(Scope(["m_1"],Seq(Match(Op("Plus",[Op("Zero",[]),Var("m_1")])),BA(Rec("r_1",Seq(All(Call(SVar("r_1"),[])),Call(SVar("red"),[]))),Var("m_1")))),Scope(["n_1","o_1"],Seq(Match(Op("Plus",[Op("Succ",[Var("n_1")]),Var("o_1")])),BA(Call(SVar("red"),[]),Op("Succ",[BA(Call(SVar("red"),[]),Op("Plus",[BA(Rec("r_1",Seq(All(Call(SVar("r_1"),[])),Call(SVar("red"),[]))),Var("n_1")),BA(Rec("r_1",Seq(All(Call(SVar("r_1"),[])),Call(SVar("red"),[]))),Var("o_1"))]))])))))),Id)))))
